[24/Aug/2026 16:06:30] "POST /api/assessment/upload/ HTTP/1.1" 201 492
[24/Aug/2026 16:06:33] "POST /api/assessment/upload/ HTTP/1.1" 201 450
[24/Aug/2026 16:06:37] "POST /api/assessment/generate-quiz/ HTTP/1.1" 201 2567
[24/Aug/2026 16:06:45] "POST /api/assessment/generate-quiz/ HTTP/1.1" 201 2964
[24/Aug/2026 16:08:58] "POST /api/assessment/upload/ HTTP/1.1" 201 450
[24/Aug/2026 16:09:38,724] - Broken pipe from ('127.0.0.1', 51097)
[24/Aug/2026 16:09:39] "POST /api/assessment/upload/ HTTP/1.1" 201 492
[24/Aug/2026 16:09:56] "POST /api/assessment/generate-quiz/ HTTP/1.1" 201 2438
[24/Aug/2026 16:10:03] "POST /api/assessment/submit-quiz/ HTTP/1.1" 200 1758
[24/Aug/2026 16:10:17] "POST /api/assessment/upload/ HTTP/1.1" 201 450
[24/Aug/2026 16:10:42] "POST /api/assessment/generate-quiz/ HTTP/1.1" 201 2761
Not Found: /api/debate/what-if/
[24/Aug/2026 16:10:43] "POST /api/debate/what-if/ HTTP/1.1" 404 4903
[24/Aug/2026 16:10:43] "OPTIONS /api/debate/what-if/ HTTP/1.1" 200 0
Not Found: /api/debate/what-if/
[24/Aug/2026 16:10:43] "POST /api/debate/what-if/ HTTP/1.1" 404 4903
[24/Aug/2026 16:11:18] "GET /api/courses/recommendations/ HTTP/1.1" 200 2728
[24/Aug/2026 16:11:18] "GET /api/courses/recommendations/ HTTP/1.1" 200 2728
[24/Aug/2026 16:25:01] "GET /api/debate/scenarios/ HTTP/1.1" 200 1104
[24/Aug/2026 16:25:01] "GET /api/debate/scenarios/ HTTP/1.1" 200 1104
[24/Aug/2026 16:25:08] "GET /api/debate/scenarios/ HTTP/1.1" 200 1104
[24/Aug/2026 16:25:08] "GET /api/debate/scenarios/ HTTP/1.1" 200 1104
[24/Aug/2026 16:25:48,642] - Broken pipe from ('127.0.0.1', 51180)
[24/Aug/2026 16:26:07] "POST /api/debate/start/ HTTP/1.1" 201 6770
